<?xml version="1.0" encoding="UTF-8"?>
<testsuites name="jest tests" tests="3" failures="0" time="3.364">
  <testsuite name="mockingoose" errors="0" failures="0" skipped="0" timestamp="2020-04-07T09:10:51" time="2.034" tests="3">
    <testcase classname="mockingoose Explicit Tests Should validate" name="mockingoose Explicit Tests Should validate" time="0.009">
    </testcase>
    <testcase classname="mockingoose Explicit Tests Should find" name="mockingoose Explicit Tests Should find" time="0.002">
    </testcase>
    <testcase classname="mockingoose Explicit Tests Should error when no name" name="mockingoose Explicit Tests Should error when no name" time="0.001">
    </testcase>
  </testsuite>
</testsuites>